[2026-05-01 12:13:23] ablation=T3_a09  alpha=0.9  T=3.0  epochs=30  seed=42
[2026-05-01 12:13:23] cache=/nfs_home/users/dhruvk/khare27/kd-lgatr-/mlp_kd_deepsets  out=ablations/T3_a09  jobid=5139  host=csis.cn2
NVIDIA A100 80GB PCIe, 81920 MiB
NVIDIA A100 80GB PCIe, 81920 MiB
[setup] device=cuda | torch=2.11.0+cu128 | seed=42
[setup] gpu=NVIDIA A100 80GB PCIe | vram=85.1GB
[setup] cfg_data={'tagging_features': 'all', 'boost_jet': False, 'beam_reference': 'lightlike', 'two_beams': True, 'add_time_reference': True, 'mass_reg': 0.005, 'spurion_scale': 1, 'max_particles': None}
[setup] teacher cache dir=/nfs_home/users/dhruvk/khare27/kd-lgatr-/mlp_kd_deepsets | cache_complete=True
[data:val] kin=(403000, 200, 4) lbl=(403000,) top_frac=0.500
[teacher] cache present — skipping teacher load + smoke test
[data:train] kin=(1211000, 200, 4) lbl=(1211000,) top_frac=0.500
[teacher] full val AUC (from cache) = 0.9865
[student] DeepSets PFN | params=166,913

--- Training: 30 epochs, BS 512, alpha=0.9, T=3.0 ---

epoch   1/30 | loss=3.1990 (soft=3.5271 hard=0.2465) | val AUC=0.9763 rej@0.3=495 rej@0.5=133 | lr=2.99e-04 | 24.0s
  -> new best val AUC, saved to ablations/T3_a09/deepsets_student_best.pt
epoch   2/30 | loss=1.5944 (soft=1.7505 hard=0.1896) | val AUC=0.9793 rej@0.3=676 rej@0.5=184 | lr=2.97e-04 | 23.9s
  -> new best val AUC, saved to ablations/T3_a09/deepsets_student_best.pt
epoch   3/30 | loss=1.4235 (soft=1.5613 hard=0.1832) | val AUC=0.9801 rej@0.3=787 rej@0.5=207 | lr=2.93e-04 | 23.2s
  -> new best val AUC, saved to ablations/T3_a09/deepsets_student_best.pt
epoch   4/30 | loss=1.3351 (soft=1.4634 hard=0.1800) | val AUC=0.9799 rej@0.3=749 rej@0.5=207 | lr=2.87e-04 | 23.6s
epoch   5/30 | loss=1.2804 (soft=1.4028 hard=0.1783) | val AUC=0.9807 rej@0.3=775 rej@0.5=213 | lr=2.80e-04 | 23.0s
  -> new best val AUC, saved to ablations/T3_a09/deepsets_student_best.pt
epoch   6/30 | loss=1.2324 (soft=1.3497 hard=0.1764) | val AUC=0.9809 rej@0.3=836 rej@0.5=226 | lr=2.71e-04 | 23.2s
  -> new best val AUC, saved to ablations/T3_a09/deepsets_student_best.pt
epoch   7/30 | loss=1.1946 (soft=1.3078 hard=0.1752) | val AUC=0.9813 rej@0.3=840 rej@0.5=235 | lr=2.61e-04 | 23.8s
  -> new best val AUC, saved to ablations/T3_a09/deepsets_student_best.pt
epoch   8/30 | loss=1.1638 (soft=1.2737 hard=0.1742) | val AUC=0.9815 rej@0.3=865 rej@0.5=241 | lr=2.50e-04 | 23.3s
  -> new best val AUC, saved to ablations/T3_a09/deepsets_student_best.pt
epoch   9/30 | loss=1.1382 (soft=1.2454 hard=0.1733) | val AUC=0.9814 rej@0.3=829 rej@0.5=229 | lr=2.38e-04 | 22.6s
epoch  10/30 | loss=1.1164 (soft=1.2212 hard=0.1727) | val AUC=0.9816 rej@0.3=876 rej@0.5=238 | lr=2.25e-04 | 23.7s
  -> new best val AUC, saved to ablations/T3_a09/deepsets_student_best.pt
epoch  11/30 | loss=1.0976 (soft=1.2004 hard=0.1720) | val AUC=0.9817 rej@0.3=872 rej@0.5=235 | lr=2.11e-04 | 23.6s
  -> new best val AUC, saved to ablations/T3_a09/deepsets_student_best.pt
epoch  12/30 | loss=1.0768 (soft=1.1774 hard=0.1714) | val AUC=0.9818 rej@0.3=916 rej@0.5=242 | lr=1.96e-04 | 23.1s
  -> new best val AUC, saved to ablations/T3_a09/deepsets_student_best.pt
epoch  13/30 | loss=1.0596 (soft=1.1583 hard=0.1707) | val AUC=0.9819 rej@0.3=929 rej@0.5=248 | lr=1.81e-04 | 22.8s
  -> new best val AUC, saved to ablations/T3_a09/deepsets_student_best.pt
epoch  14/30 | loss=1.0473 (soft=1.1448 hard=0.1703) | val AUC=0.9817 rej@0.3=847 rej@0.5=239 | lr=1.66e-04 | 22.6s
epoch  15/30 | loss=1.0308 (soft=1.1265 hard=0.1697) | val AUC=0.9820 rej@0.3=933 rej@0.5=261 | lr=1.50e-04 | 21.7s
  -> new best val AUC, saved to ablations/T3_a09/deepsets_student_best.pt
epoch  16/30 | loss=1.0167 (soft=1.1109 hard=0.1693) | val AUC=0.9822 rej@0.3=900 rej@0.5=253 | lr=1.34e-04 | 22.6s
  -> new best val AUC, saved to ablations/T3_a09/deepsets_student_best.pt
epoch  17/30 | loss=1.0061 (soft=1.0991 hard=0.1688) | val AUC=0.9822 rej@0.3=929 rej@0.5=255 | lr=1.19e-04 | 22.2s
  -> new best val AUC, saved to ablations/T3_a09/deepsets_student_best.pt
epoch  18/30 | loss=0.9933 (soft=1.0849 hard=0.1684) | val AUC=0.9823 rej@0.3=955 rej@0.5=265 | lr=1.04e-04 | 22.0s
  -> new best val AUC, saved to ablations/T3_a09/deepsets_student_best.pt
epoch  19/30 | loss=0.9839 (soft=1.0746 hard=0.1680) | val AUC=0.9824 rej@0.3=937 rej@0.5=266 | lr=8.90e-05 | 22.3s
  -> new best val AUC, saved to ablations/T3_a09/deepsets_student_best.pt
epoch  20/30 | loss=0.9739 (soft=1.0635 hard=0.1677) | val AUC=0.9824 rej@0.3=929 rej@0.5=255 | lr=7.50e-05 | 22.0s
  -> new best val AUC, saved to ablations/T3_a09/deepsets_student_best.pt
epoch  21/30 | loss=0.9655 (soft=1.0541 hard=0.1675) | val AUC=0.9824 rej@0.3=960 rej@0.5=265 | lr=6.18e-05 | 22.1s
  -> new best val AUC, saved to ablations/T3_a09/deepsets_student_best.pt
epoch  22/30 | loss=0.9580 (soft=1.0459 hard=0.1671) | val AUC=0.9825 rej@0.3=973 rej@0.5=260 | lr=4.96e-05 | 21.9s
  -> new best val AUC, saved to ablations/T3_a09/deepsets_student_best.pt
epoch  23/30 | loss=0.9502 (soft=1.0372 hard=0.1669) | val AUC=0.9825 rej@0.3=973 rej@0.5=270 | lr=3.85e-05 | 22.2s
  -> new best val AUC, saved to ablations/T3_a09/deepsets_student_best.pt
epoch  24/30 | loss=0.9445 (soft=1.0309 hard=0.1666) | val AUC=0.9825 rej@0.3=964 rej@0.5=263 | lr=2.86e-05 | 21.9s
  -> new best val AUC, saved to ablations/T3_a09/deepsets_student_best.pt
epoch  25/30 | loss=0.9391 (soft=1.0250 hard=0.1665) | val AUC=0.9826 rej@0.3=969 rej@0.5=272 | lr=2.01e-05 | 22.2s
  -> new best val AUC, saved to ablations/T3_a09/deepsets_student_best.pt
epoch  26/30 | loss=0.9339 (soft=1.0191 hard=0.1663) | val AUC=0.9826 rej@0.3=964 rej@0.5=268 | lr=1.30e-05 | 21.9s
epoch  27/30 | loss=0.9310 (soft=1.0160 hard=0.1660) | val AUC=0.9826 rej@0.3=988 rej@0.5=268 | lr=7.34e-06 | 22.3s
  -> new best val AUC, saved to ablations/T3_a09/deepsets_student_best.pt
epoch  28/30 | loss=0.9292 (soft=1.0140 hard=0.1662) | val AUC=0.9826 rej@0.3=983 rej@0.5=269 | lr=3.28e-06 | 22.5s
  -> new best val AUC, saved to ablations/T3_a09/deepsets_student_best.pt
epoch  29/30 | loss=0.9271 (soft=1.0117 hard=0.1661) | val AUC=0.9826 rej@0.3=978 rej@0.5=269 | lr=8.22e-07 | 22.6s
  -> new best val AUC, saved to ablations/T3_a09/deepsets_student_best.pt
epoch  30/30 | loss=0.9259 (soft=1.0104 hard=0.1659) | val AUC=0.9826 rej@0.3=973 rej@0.5=269 | lr=0.00e+00 | 21.9s

[final] loading best-val checkpoint (val AUC=0.9826) ...
[data:test] kin=(404000, 200, 4) lbl=(404000,) top_frac=0.500
[final] test AUC=0.9833 | rej@0.3=1209  rej@0.5=292  rej@0.8=45
[2026-05-01 12:25:15] training done. eval ...
[eval] device=cuda
[eval] loaded ckpt from epoch 29 (val AUC=0.9826266122528589)
[data:test] kin=(404000, 200, 4) lbl=(404000,) top_frac=0.500

==================================================
 KD DEEPSETS STUDENT — TEST RESULTS 
==================================================
AUC:                     0.9833
Optimal Threshold:       0.5286
Calibrated Accuracy:     0.9350
--------------------------------------------------
Background Rejection (1 / e_B):
  @ 30% Signal Eff:      1209
  @ 50% Signal Eff:      292
  @ 80% Signal Eff:      45
==================================================
[eval] wrote ablations/T3_a09/roc_curve_deepsets.png
[eval] wrote ablations/T3_a09/prob_dist_deepsets.png
[eval] wrote ablations/T3_a09/test_metrics.json
[2026-05-01 12:25:31] ablation T3_a09 done.
