[2026-05-06 00:17:43] xform run=d96_b6_e50  d_model=96 nheads=4 nblocks=6 ffn=256
[2026-05-06 00:17:43] beta=0.0  epochs=50  seed=42  cache=/nfs_home/users/dhruvk/khare27/kd-lgatr-/mlp_kd_deepsets
[2026-05-06 00:17:43] jobid=5380  host=csis.cn1  out=runs/d96_b6_e50
NVIDIA A100 80GB PCIe, 81920 MiB
NVIDIA A100 80GB PCIe, 81920 MiB
[setup] device=cuda | torch=2.11.0+cu128 | seed=42
[setup] gpu=NVIDIA A100 80GB PCIe | vram=85.1GB
[setup] cfg_data={'tagging_features': 'all', 'boost_jet': False, 'beam_reference': 'lightlike', 'two_beams': True, 'add_time_reference': True, 'mass_reg': 0.005, 'spurion_scale': 1, 'max_particles': None}
[setup] cache_dir=/nfs_home/users/dhruvk/khare27/kd-lgatr-/mlp_kd_deepsets | cache_complete=True | hint_mode=False | inv_cache_complete=True
[data:val] kin=(403000, 200, 4) lbl=(403000,) top_frac=0.500
[teacher] cache present — skipping teacher load + smoke test
[data:train] kin=(1211000, 200, 4) lbl=(1211000,) top_frac=0.500
[teacher] full val AUC (from cache) = 0.9865
[student] Transformer | in_dim=11 | d_model=96 num_heads=4 num_blocks=6 ffn=256 | params=533,569

--- Training: 50 epochs, BS 512, alpha=0.7, T=2.0, use_pairwise=True ---

epoch   1/50 | loss=2.9502 (soft=4.1022 hard=0.2623) | val AUC=0.9744 rej@0.3=387 rej@0.5=115 | lr=3.00e-04 | 151.4s
  -> new best val AUC, saved to runs/d96_b6_e50/transformer_student_best.pt
epoch   2/50 | loss=1.4313 (soft=1.9599 hard=0.1978) | val AUC=0.9780 rej@0.3=569 rej@0.5=159 | lr=2.99e-04 | 150.4s
  -> new best val AUC, saved to runs/d96_b6_e50/transformer_student_best.pt
epoch   3/50 | loss=1.2551 (soft=1.7123 hard=0.1883) | val AUC=0.9791 rej@0.3=626 rej@0.5=173 | lr=2.97e-04 | 150.3s
  -> new best val AUC, saved to runs/d96_b6_e50/transformer_student_best.pt
epoch   4/50 | loss=1.0947 (soft=1.4867 hard=0.1800) | val AUC=0.9795 rej@0.3=796 rej@0.5=211 | lr=2.95e-04 | 150.5s
  -> new best val AUC, saved to runs/d96_b6_e50/transformer_student_best.pt
epoch   5/50 | loss=0.9827 (soft=1.3291 hard=0.1743) | val AUC=0.9819 rej@0.3=888 rej@0.5=233 | lr=2.93e-04 | 150.5s
  -> new best val AUC, saved to runs/d96_b6_e50/transformer_student_best.pt
epoch   6/50 | loss=0.9024 (soft=1.2159 hard=0.1708) | val AUC=0.9823 rej@0.3=1072 rej@0.5=256 | lr=2.89e-04 | 150.6s
  -> new best val AUC, saved to runs/d96_b6_e50/transformer_student_best.pt
epoch   7/50 | loss=0.8518 (soft=1.1448 hard=0.1684) | val AUC=0.9827 rej@0.3=1192 rej@0.5=275 | lr=2.86e-04 | 150.6s
  -> new best val AUC, saved to runs/d96_b6_e50/transformer_student_best.pt
epoch   8/50 | loss=0.8089 (soft=1.0840 hard=0.1668) | val AUC=0.9830 rej@0.3=1283 rej@0.5=272 | lr=2.81e-04 | 150.1s
  -> new best val AUC, saved to runs/d96_b6_e50/transformer_student_best.pt
epoch   9/50 | loss=0.7773 (soft=1.0395 hard=0.1654) | val AUC=0.9832 rej@0.3=1259 rej@0.5=290 | lr=2.77e-04 | 150.1s
  -> new best val AUC, saved to runs/d96_b6_e50/transformer_student_best.pt
epoch  10/50 | loss=0.7399 (soft=0.9868 hard=0.1639) | val AUC=0.9832 rej@0.3=1343 rej@0.5=303 | lr=2.71e-04 | 150.4s
  -> new best val AUC, saved to runs/d96_b6_e50/transformer_student_best.pt
epoch  11/50 | loss=0.7117 (soft=0.9470 hard=0.1627) | val AUC=0.9835 rej@0.3=1352 rej@0.5=316 | lr=2.66e-04 | 150.8s
  -> new best val AUC, saved to runs/d96_b6_e50/transformer_student_best.pt
epoch  12/50 | loss=0.6868 (soft=0.9118 hard=0.1619) | val AUC=0.9828 rej@0.3=1292 rej@0.5=301 | lr=2.59e-04 | 150.2s
epoch  13/50 | loss=0.6620 (soft=0.8768 hard=0.1606) | val AUC=0.9838 rej@0.3=1275 rej@0.5=325 | lr=2.53e-04 | 150.1s
  -> new best val AUC, saved to runs/d96_b6_e50/transformer_student_best.pt
epoch  14/50 | loss=0.6401 (soft=0.8460 hard=0.1596) | val AUC=0.9838 rej@0.3=1429 rej@0.5=309 | lr=2.46e-04 | 150.1s
epoch  15/50 | loss=0.6204 (soft=0.8182 hard=0.1589) | val AUC=0.9841 rej@0.3=1450 rej@0.5=323 | lr=2.38e-04 | 150.2s
  -> new best val AUC, saved to runs/d96_b6_e50/transformer_student_best.pt
epoch  16/50 | loss=0.6038 (soft=0.7947 hard=0.1583) | val AUC=0.9838 rej@0.3=1334 rej@0.5=322 | lr=2.30e-04 | 150.1s
epoch  17/50 | loss=0.5893 (soft=0.7743 hard=0.1578) | val AUC=0.9842 rej@0.3=1450 rej@0.5=347 | lr=2.22e-04 | 150.2s
  -> new best val AUC, saved to runs/d96_b6_e50/transformer_student_best.pt
epoch  18/50 | loss=0.5756 (soft=0.7550 hard=0.1570) | val AUC=0.9842 rej@0.3=1460 rej@0.5=333 | lr=2.14e-04 | 150.2s
  -> new best val AUC, saved to runs/d96_b6_e50/transformer_student_best.pt
epoch  19/50 | loss=0.5606 (soft=0.7339 hard=0.1564) | val AUC=0.9842 rej@0.3=1515 rej@0.5=354 | lr=2.05e-04 | 150.2s
epoch  20/50 | loss=0.5475 (soft=0.7153 hard=0.1561) | val AUC=0.9844 rej@0.3=1550 rej@0.5=345 | lr=1.96e-04 | 150.1s
  -> new best val AUC, saved to runs/d96_b6_e50/transformer_student_best.pt
epoch  21/50 | loss=0.5358 (soft=0.6987 hard=0.1555) | val AUC=0.9845 rej@0.3=1504 rej@0.5=355 | lr=1.87e-04 | 150.2s
  -> new best val AUC, saved to runs/d96_b6_e50/transformer_student_best.pt
epoch  22/50 | loss=0.5252 (soft=0.6838 hard=0.1551) | val AUC=0.9845 rej@0.3=1493 rej@0.5=361 | lr=1.78e-04 | 150.2s
epoch  23/50 | loss=0.5152 (soft=0.6697 hard=0.1547) | val AUC=0.9846 rej@0.3=1625 rej@0.5=347 | lr=1.69e-04 | 150.1s
  -> new best val AUC, saved to runs/d96_b6_e50/transformer_student_best.pt
epoch  24/50 | loss=0.5031 (soft=0.6526 hard=0.1541) | val AUC=0.9846 rej@0.3=1574 rej@0.5=355 | lr=1.59e-04 | 150.2s
  -> new best val AUC, saved to runs/d96_b6_e50/transformer_student_best.pt
epoch  25/50 | loss=0.4951 (soft=0.6413 hard=0.1538) | val AUC=0.9846 rej@0.3=1460 rej@0.5=352 | lr=1.50e-04 | 150.2s
epoch  26/50 | loss=0.4849 (soft=0.6269 hard=0.1535) | val AUC=0.9847 rej@0.3=1515 rej@0.5=350 | lr=1.41e-04 | 149.9s
  -> new best val AUC, saved to runs/d96_b6_e50/transformer_student_best.pt
epoch  27/50 | loss=0.4770 (soft=0.6158 hard=0.1531) | val AUC=0.9847 rej@0.3=1527 rej@0.5=346 | lr=1.31e-04 | 150.1s
epoch  28/50 | loss=0.4667 (soft=0.6013 hard=0.1527) | val AUC=0.9849 rej@0.3=1538 rej@0.5=355 | lr=1.22e-04 | 150.0s
  -> new best val AUC, saved to runs/d96_b6_e50/transformer_student_best.pt
epoch  29/50 | loss=0.4610 (soft=0.5933 hard=0.1524) | val AUC=0.9848 rej@0.3=1679 rej@0.5=356 | lr=1.13e-04 | 150.1s
epoch  30/50 | loss=0.4526 (soft=0.5814 hard=0.1521) | val AUC=0.9849 rej@0.3=1574 rej@0.5=364 | lr=1.04e-04 | 150.1s
  -> new best val AUC, saved to runs/d96_b6_e50/transformer_student_best.pt
epoch  31/50 | loss=0.4463 (soft=0.5725 hard=0.1519) | val AUC=0.9849 rej@0.3=1693 rej@0.5=355 | lr=9.48e-05 | 150.1s
epoch  32/50 | loss=0.4403 (soft=0.5640 hard=0.1516) | val AUC=0.9849 rej@0.3=1693 rej@0.5=360 | lr=8.61e-05 | 150.1s
epoch  33/50 | loss=0.4350 (soft=0.5565 hard=0.1515) | val AUC=0.9849 rej@0.3=1815 rej@0.5=384 | lr=7.77e-05 | 150.0s
epoch  34/50 | loss=0.4288 (soft=0.5477 hard=0.1512) | val AUC=0.9850 rej@0.3=1799 rej@0.5=377 | lr=6.96e-05 | 150.1s
  -> new best val AUC, saved to runs/d96_b6_e50/transformer_student_best.pt
epoch  35/50 | loss=0.4240 (soft=0.5410 hard=0.1510) | val AUC=0.9849 rej@0.3=1665 rej@0.5=367 | lr=6.18e-05 | 150.2s
epoch  36/50 | loss=0.4190 (soft=0.5340 hard=0.1508) | val AUC=0.9851 rej@0.3=1783 rej@0.5=368 | lr=5.44e-05 | 150.2s
  -> new best val AUC, saved to runs/d96_b6_e50/transformer_student_best.pt
epoch  37/50 | loss=0.4150 (soft=0.5284 hard=0.1506) | val AUC=0.9851 rej@0.3=1708 rej@0.5=372 | lr=4.73e-05 | 150.3s
  -> new best val AUC, saved to runs/d96_b6_e50/transformer_student_best.pt
epoch  38/50 | loss=0.4102 (soft=0.5215 hard=0.1504) | val AUC=0.9851 rej@0.3=1679 rej@0.5=372 | lr=4.07e-05 | 150.0s
epoch  39/50 | loss=0.4071 (soft=0.5172 hard=0.1502) | val AUC=0.9851 rej@0.3=1752 rej@0.5=367 | lr=3.44e-05 | 150.1s
  -> new best val AUC, saved to runs/d96_b6_e50/transformer_student_best.pt
epoch  40/50 | loss=0.4039 (soft=0.5127 hard=0.1502) | val AUC=0.9851 rej@0.3=1722 rej@0.5=377 | lr=2.86e-05 | 150.2s
epoch  41/50 | loss=0.4006 (soft=0.5080 hard=0.1500) | val AUC=0.9851 rej@0.3=1783 rej@0.5=377 | lr=2.34e-05 | 150.2s
  -> new best val AUC, saved to runs/d96_b6_e50/transformer_student_best.pt
epoch  42/50 | loss=0.3990 (soft=0.5058 hard=0.1500) | val AUC=0.9852 rej@0.3=1722 rej@0.5=382 | lr=1.86e-05 | 150.3s
  -> new best val AUC, saved to runs/d96_b6_e50/transformer_student_best.pt
epoch  43/50 | loss=0.3960 (soft=0.5015 hard=0.1498) | val AUC=0.9852 rej@0.3=1752 rej@0.5=377 | lr=1.43e-05 | 150.3s
  -> new best val AUC, saved to runs/d96_b6_e50/transformer_student_best.pt
epoch  44/50 | loss=0.3955 (soft=0.5009 hard=0.1497) | val AUC=0.9852 rej@0.3=1722 rej@0.5=381 | lr=1.05e-05 | 150.2s
epoch  45/50 | loss=0.3934 (soft=0.4979 hard=0.1496) | val AUC=0.9852 rej@0.3=1768 rej@0.5=381 | lr=7.34e-06 | 150.0s
  -> new best val AUC, saved to runs/d96_b6_e50/transformer_student_best.pt
epoch  46/50 | loss=0.3919 (soft=0.4957 hard=0.1497) | val AUC=0.9852 rej@0.3=1752 rej@0.5=378 | lr=4.71e-06 | 150.2s
epoch  47/50 | loss=0.3912 (soft=0.4948 hard=0.1496) | val AUC=0.9852 rej@0.3=1768 rej@0.5=383 | lr=2.66e-06 | 150.1s
  -> new best val AUC, saved to runs/d96_b6_e50/transformer_student_best.pt
epoch  48/50 | loss=0.3903 (soft=0.4934 hard=0.1496) | val AUC=0.9852 rej@0.3=1768 rej@0.5=380 | lr=1.18e-06 | 150.0s
epoch  49/50 | loss=0.3896 (soft=0.4925 hard=0.1496) | val AUC=0.9852 rej@0.3=1752 rej@0.5=381 | lr=2.96e-07 | 150.1s
epoch  50/50 | loss=0.3897 (soft=0.4926 hard=0.1495) | val AUC=0.9852 rej@0.3=1752 rej@0.5=382 | lr=0.00e+00 | 150.3s

[final] loading best-val checkpoint (val AUC=0.9852) ...
[data:test] kin=(404000, 200, 4) lbl=(404000,) top_frac=0.500
[final] test AUC=0.9858 | rej@0.3=1787  rej@0.5=440  rej@0.8=58
[2026-05-06 02:23:52] training done. eval ...
[eval] device=cuda
[eval] use_pairwise=True | in_dim=11
[eval] loaded ckpt from epoch 47 (val AUC=0.9852245996432961)
[data:test] kin=(404000, 200, 4) lbl=(404000,) top_frac=0.500

==================================================
 KD TRANSFORMER STUDENT — TEST RESULTS 
==================================================
AUC:                     0.9858
Optimal Threshold:       0.4802
Calibrated Accuracy:     0.9396
--------------------------------------------------
Background Rejection (1 / e_B):
  @ 30% Signal Eff:      1787
  @ 50% Signal Eff:      440
  @ 80% Signal Eff:      58
==================================================
[eval] wrote runs/d96_b6_e50/roc_curve_transformer.png
[eval] wrote runs/d96_b6_e50/prob_dist_transformer.png
[2026-05-06 02:24:33] xform d96_b6_e50 done.
