/nfs_home/users/dhruvk/khare27/kd-lgatr-/mlp_kd_transformer/mlp_kd_transformer.py:56: UserWarning: enable_nested_tensor is True, but self.use_nested_tensor is False because encoder_layer.norm_first was True
  self.encoder = nn.TransformerEncoder(encoder_layer, num_layers=num_blocks)
/nfs_home/users/dhruvk/khare27/kd-lgatr-/mlp_kd_transformer/mlp_kd_transformer.py:249: FutureWarning: `torch.cuda.amp.GradScaler(args...)` is deprecated. Please use `torch.amp.GradScaler('cuda', args...)` instead.
  scaler = torch.cuda.amp.GradScaler()
/nfs_home/users/dhruvk/khare27/kd-lgatr-/mlp_kd_transformer/mlp_kd_transformer.py:280: FutureWarning: `torch.cuda.amp.autocast(args...)` is deprecated. Please use `torch.amp.autocast('cuda', args...)` instead.
  with torch.cuda.amp.autocast():
/nfs_home/users/dhruvk/khare27/kd-lgatr-/mlp_kd_transformer/mlp_kd_transformer.py:298: UserWarning: Detected call of `lr_scheduler.step()` before `optimizer.step()`. In PyTorch 1.1.0 and later, you should call them in the opposite order: `optimizer.step()` before `lr_scheduler.step()`.  Failure to do this will result in PyTorch skipping the first value of the learning rate schedule. See more details at https://pytorch.org/docs/stable/optim.html#how-to-adjust-learning-rate
  scheduler.step()
/nfs_home/users/dhruvk/khare27/kd-lgatr-/mlp_kd_transformer/mlp_kd_transformer.py:280: FutureWarning: `torch.cuda.amp.autocast(args...)` is deprecated. Please use `torch.amp.autocast('cuda', args...)` instead.
  with torch.cuda.amp.autocast():
/nfs_home/users/dhruvk/khare27/kd-lgatr-/mlp_kd_transformer/mlp_kd_transformer.py:280: FutureWarning: `torch.cuda.amp.autocast(args...)` is deprecated. Please use `torch.amp.autocast('cuda', args...)` instead.
  with torch.cuda.amp.autocast():
/nfs_home/users/dhruvk/khare27/kd-lgatr-/mlp_kd_transformer/mlp_kd_transformer.py:280: FutureWarning: `torch.cuda.amp.autocast(args...)` is deprecated. Please use `torch.amp.autocast('cuda', args...)` instead.
  with torch.cuda.amp.autocast():
/nfs_home/users/dhruvk/khare27/kd-lgatr-/mlp_kd_transformer/mlp_kd_transformer.py:280: FutureWarning: `torch.cuda.amp.autocast(args...)` is deprecated. Please use `torch.amp.autocast('cuda', args...)` instead.
  with torch.cuda.amp.autocast():
/nfs_home/users/dhruvk/khare27/kd-lgatr-/mlp_kd_transformer/mlp_kd_transformer.py:280: FutureWarning: `torch.cuda.amp.autocast(args...)` is deprecated. Please use `torch.amp.autocast('cuda', args...)` instead.
  with torch.cuda.amp.autocast():
/nfs_home/users/dhruvk/khare27/kd-lgatr-/mlp_kd_transformer/mlp_kd_transformer.py:280: FutureWarning: `torch.cuda.amp.autocast(args...)` is deprecated. Please use `torch.amp.autocast('cuda', args...)` instead.
  with torch.cuda.amp.autocast():
/nfs_home/users/dhruvk/khare27/kd-lgatr-/mlp_kd_transformer/mlp_kd_transformer.py:280: FutureWarning: `torch.cuda.amp.autocast(args...)` is deprecated. Please use `torch.amp.autocast('cuda', args...)` instead.
  with torch.cuda.amp.autocast():
/nfs_home/users/dhruvk/khare27/kd-lgatr-/mlp_kd_transformer/mlp_kd_transformer.py:280: FutureWarning: `torch.cuda.amp.autocast(args...)` is deprecated. Please use `torch.amp.autocast('cuda', args...)` instead.
  with torch.cuda.amp.autocast():
/nfs_home/users/dhruvk/khare27/kd-lgatr-/mlp_kd_transformer/mlp_kd_transformer.py:280: FutureWarning: `torch.cuda.amp.autocast(args...)` is deprecated. Please use `torch.amp.autocast('cuda', args...)` instead.
  with torch.cuda.amp.autocast():
/nfs_home/users/dhruvk/khare27/kd-lgatr-/mlp_kd_transformer/mlp_kd_transformer.py:280: FutureWarning: `torch.cuda.amp.autocast(args...)` is deprecated. Please use `torch.amp.autocast('cuda', args...)` instead.
  with torch.cuda.amp.autocast():
/nfs_home/users/dhruvk/khare27/kd-lgatr-/mlp_kd_transformer/mlp_kd_transformer.py:280: FutureWarning: `torch.cuda.amp.autocast(args...)` is deprecated. Please use `torch.amp.autocast('cuda', args...)` instead.
  with torch.cuda.amp.autocast():
/nfs_home/users/dhruvk/khare27/kd-lgatr-/mlp_kd_transformer/mlp_kd_transformer.py:280: FutureWarning: `torch.cuda.amp.autocast(args...)` is deprecated. Please use `torch.amp.autocast('cuda', args...)` instead.
  with torch.cuda.amp.autocast():
/nfs_home/users/dhruvk/khare27/kd-lgatr-/mlp_kd_transformer/mlp_kd_transformer.py:280: FutureWarning: `torch.cuda.amp.autocast(args...)` is deprecated. Please use `torch.amp.autocast('cuda', args...)` instead.
  with torch.cuda.amp.autocast():
/nfs_home/users/dhruvk/khare27/kd-lgatr-/mlp_kd_transformer/mlp_kd_transformer.py:280: FutureWarning: `torch.cuda.amp.autocast(args...)` is deprecated. Please use `torch.amp.autocast('cuda', args...)` instead.
  with torch.cuda.amp.autocast():
/nfs_home/users/dhruvk/khare27/kd-lgatr-/mlp_kd_transformer/mlp_kd_transformer.py:280: FutureWarning: `torch.cuda.amp.autocast(args...)` is deprecated. Please use `torch.amp.autocast('cuda', args...)` instead.
  with torch.cuda.amp.autocast():
/nfs_home/users/dhruvk/khare27/kd-lgatr-/mlp_kd_transformer/mlp_kd_transformer.py:280: FutureWarning: `torch.cuda.amp.autocast(args...)` is deprecated. Please use `torch.amp.autocast('cuda', args...)` instead.
  with torch.cuda.amp.autocast():
/nfs_home/users/dhruvk/khare27/kd-lgatr-/mlp_kd_transformer/mlp_kd_transformer.py:280: FutureWarning: `torch.cuda.amp.autocast(args...)` is deprecated. Please use `torch.amp.autocast('cuda', args...)` instead.
  with torch.cuda.amp.autocast():
/nfs_home/users/dhruvk/khare27/kd-lgatr-/mlp_kd_transformer/mlp_kd_transformer.py:280: FutureWarning: `torch.cuda.amp.autocast(args...)` is deprecated. Please use `torch.amp.autocast('cuda', args...)` instead.
  with torch.cuda.amp.autocast():
/nfs_home/users/dhruvk/khare27/kd-lgatr-/mlp_kd_transformer/mlp_kd_transformer.py:280: FutureWarning: `torch.cuda.amp.autocast(args...)` is deprecated. Please use `torch.amp.autocast('cuda', args...)` instead.
  with torch.cuda.amp.autocast():
/nfs_home/users/dhruvk/khare27/kd-lgatr-/mlp_kd_transformer/mlp_kd_transformer.py:280: FutureWarning: `torch.cuda.amp.autocast(args...)` is deprecated. Please use `torch.amp.autocast('cuda', args...)` instead.
  with torch.cuda.amp.autocast():
/nfs_home/users/dhruvk/khare27/kd-lgatr-/mlp_kd_transformer/mlp_kd_transformer.py:280: FutureWarning: `torch.cuda.amp.autocast(args...)` is deprecated. Please use `torch.amp.autocast('cuda', args...)` instead.
  with torch.cuda.amp.autocast():
/nfs_home/users/dhruvk/khare27/kd-lgatr-/mlp_kd_transformer/mlp_kd_transformer.py:280: FutureWarning: `torch.cuda.amp.autocast(args...)` is deprecated. Please use `torch.amp.autocast('cuda', args...)` instead.
  with torch.cuda.amp.autocast():
/nfs_home/users/dhruvk/khare27/kd-lgatr-/mlp_kd_transformer/mlp_kd_transformer.py:280: FutureWarning: `torch.cuda.amp.autocast(args...)` is deprecated. Please use `torch.amp.autocast('cuda', args...)` instead.
  with torch.cuda.amp.autocast():
/nfs_home/users/dhruvk/khare27/kd-lgatr-/mlp_kd_transformer/mlp_kd_transformer.py:280: FutureWarning: `torch.cuda.amp.autocast(args...)` is deprecated. Please use `torch.amp.autocast('cuda', args...)` instead.
  with torch.cuda.amp.autocast():
/nfs_home/users/dhruvk/khare27/kd-lgatr-/mlp_kd_transformer/mlp_kd_transformer.py:280: FutureWarning: `torch.cuda.amp.autocast(args...)` is deprecated. Please use `torch.amp.autocast('cuda', args...)` instead.
  with torch.cuda.amp.autocast():
/nfs_home/users/dhruvk/khare27/kd-lgatr-/mlp_kd_transformer/mlp_kd_transformer.py:280: FutureWarning: `torch.cuda.amp.autocast(args...)` is deprecated. Please use `torch.amp.autocast('cuda', args...)` instead.
  with torch.cuda.amp.autocast():
/nfs_home/users/dhruvk/khare27/kd-lgatr-/mlp_kd_transformer/mlp_kd_transformer.py:280: FutureWarning: `torch.cuda.amp.autocast(args...)` is deprecated. Please use `torch.amp.autocast('cuda', args...)` instead.
  with torch.cuda.amp.autocast():
/nfs_home/users/dhruvk/khare27/kd-lgatr-/mlp_kd_transformer/mlp_kd_transformer.py:280: FutureWarning: `torch.cuda.amp.autocast(args...)` is deprecated. Please use `torch.amp.autocast('cuda', args...)` instead.
  with torch.cuda.amp.autocast():
/nfs_home/users/dhruvk/khare27/kd-lgatr-/mlp_kd_transformer/mlp_kd_transformer.py:280: FutureWarning: `torch.cuda.amp.autocast(args...)` is deprecated. Please use `torch.amp.autocast('cuda', args...)` instead.
  with torch.cuda.amp.autocast():
/nfs_home/users/dhruvk/khare27/kd-lgatr-/mlp_kd_transformer/mlp_kd_transformer.py:280: FutureWarning: `torch.cuda.amp.autocast(args...)` is deprecated. Please use `torch.amp.autocast('cuda', args...)` instead.
  with torch.cuda.amp.autocast():
/nfs_home/users/dhruvk/khare27/kd-lgatr-/mlp_kd_transformer/mlp_kd_transformer.py:280: FutureWarning: `torch.cuda.amp.autocast(args...)` is deprecated. Please use `torch.amp.autocast('cuda', args...)` instead.
  with torch.cuda.amp.autocast():
/nfs_home/users/dhruvk/khare27/kd-lgatr-/mlp_kd_transformer/mlp_kd_transformer.py:280: FutureWarning: `torch.cuda.amp.autocast(args...)` is deprecated. Please use `torch.amp.autocast('cuda', args...)` instead.
  with torch.cuda.amp.autocast():
/nfs_home/users/dhruvk/khare27/kd-lgatr-/mlp_kd_transformer/mlp_kd_transformer.py:280: FutureWarning: `torch.cuda.amp.autocast(args...)` is deprecated. Please use `torch.amp.autocast('cuda', args...)` instead.
  with torch.cuda.amp.autocast():
/nfs_home/users/dhruvk/khare27/kd-lgatr-/mlp_kd_transformer/mlp_kd_transformer.py:280: FutureWarning: `torch.cuda.amp.autocast(args...)` is deprecated. Please use `torch.amp.autocast('cuda', args...)` instead.
  with torch.cuda.amp.autocast():
/nfs_home/users/dhruvk/khare27/kd-lgatr-/mlp_kd_transformer/mlp_kd_transformer.py:280: FutureWarning: `torch.cuda.amp.autocast(args...)` is deprecated. Please use `torch.amp.autocast('cuda', args...)` instead.
  with torch.cuda.amp.autocast():
/nfs_home/users/dhruvk/khare27/kd-lgatr-/mlp_kd_transformer/mlp_kd_transformer.py:280: FutureWarning: `torch.cuda.amp.autocast(args...)` is deprecated. Please use `torch.amp.autocast('cuda', args...)` instead.
  with torch.cuda.amp.autocast():
/nfs_home/users/dhruvk/khare27/kd-lgatr-/mlp_kd_transformer/mlp_kd_transformer.py:280: FutureWarning: `torch.cuda.amp.autocast(args...)` is deprecated. Please use `torch.amp.autocast('cuda', args...)` instead.
  with torch.cuda.amp.autocast():
/nfs_home/users/dhruvk/khare27/kd-lgatr-/mlp_kd_transformer/mlp_kd_transformer.py:280: FutureWarning: `torch.cuda.amp.autocast(args...)` is deprecated. Please use `torch.amp.autocast('cuda', args...)` instead.
  with torch.cuda.amp.autocast():
/nfs_home/users/dhruvk/khare27/kd-lgatr-/mlp_kd_transformer/mlp_kd_transformer.py:280: FutureWarning: `torch.cuda.amp.autocast(args...)` is deprecated. Please use `torch.amp.autocast('cuda', args...)` instead.
  with torch.cuda.amp.autocast():
/nfs_home/users/dhruvk/khare27/kd-lgatr-/mlp_kd_transformer/mlp_kd_transformer.py:280: FutureWarning: `torch.cuda.amp.autocast(args...)` is deprecated. Please use `torch.amp.autocast('cuda', args...)` instead.
  with torch.cuda.amp.autocast():
/nfs_home/users/dhruvk/khare27/kd-lgatr-/mlp_kd_transformer/mlp_kd_transformer.py:280: FutureWarning: `torch.cuda.amp.autocast(args...)` is deprecated. Please use `torch.amp.autocast('cuda', args...)` instead.
  with torch.cuda.amp.autocast():
/nfs_home/users/dhruvk/khare27/kd-lgatr-/mlp_kd_transformer/mlp_kd_transformer.py:280: FutureWarning: `torch.cuda.amp.autocast(args...)` is deprecated. Please use `torch.amp.autocast('cuda', args...)` instead.
  with torch.cuda.amp.autocast():
/nfs_home/users/dhruvk/khare27/kd-lgatr-/mlp_kd_transformer/mlp_kd_transformer.py:280: FutureWarning: `torch.cuda.amp.autocast(args...)` is deprecated. Please use `torch.amp.autocast('cuda', args...)` instead.
  with torch.cuda.amp.autocast():
/nfs_home/users/dhruvk/khare27/kd-lgatr-/mlp_kd_transformer/mlp_kd_transformer.py:280: FutureWarning: `torch.cuda.amp.autocast(args...)` is deprecated. Please use `torch.amp.autocast('cuda', args...)` instead.
  with torch.cuda.amp.autocast():
/nfs_home/users/dhruvk/khare27/kd-lgatr-/mlp_kd_transformer/mlp_kd_transformer.py:280: FutureWarning: `torch.cuda.amp.autocast(args...)` is deprecated. Please use `torch.amp.autocast('cuda', args...)` instead.
  with torch.cuda.amp.autocast():
/nfs_home/users/dhruvk/khare27/kd-lgatr-/mlp_kd_transformer/mlp_kd_transformer.py:280: FutureWarning: `torch.cuda.amp.autocast(args...)` is deprecated. Please use `torch.amp.autocast('cuda', args...)` instead.
  with torch.cuda.amp.autocast():
/nfs_home/users/dhruvk/khare27/kd-lgatr-/mlp_kd_transformer/mlp_kd_transformer.py:280: FutureWarning: `torch.cuda.amp.autocast(args...)` is deprecated. Please use `torch.amp.autocast('cuda', args...)` instead.
  with torch.cuda.amp.autocast():
/nfs_home/users/dhruvk/khare27/kd-lgatr-/mlp_kd_transformer/mlp_kd_transformer.py:280: FutureWarning: `torch.cuda.amp.autocast(args...)` is deprecated. Please use `torch.amp.autocast('cuda', args...)` instead.
  with torch.cuda.amp.autocast():
/nfs_home/users/dhruvk/khare27/kd-lgatr-/mlp_kd_transformer/mlp_kd_transformer.py:280: FutureWarning: `torch.cuda.amp.autocast(args...)` is deprecated. Please use `torch.amp.autocast('cuda', args...)` instead.
  with torch.cuda.amp.autocast():
/nfs_home/users/dhruvk/khare27/kd-lgatr-/mlp_kd_transformer/mlp_kd_transformer.py:56: UserWarning: enable_nested_tensor is True, but self.use_nested_tensor is False because encoder_layer.norm_first was True
  self.encoder = nn.TransformerEncoder(encoder_layer, num_layers=num_blocks)
