[2026-05-08 20:56:22] part run=v1_softkl_T2  d_model=64 nheads=4 nblocks=4 ffn=256
[2026-05-08 20:56:22] alpha=0.7  hint_beta=0.0  kd_loss=softmax_kl  T=2.0  epochs=50  bs=256  seed=42  cache=/nfs_home/users/dhruvk/khare27/kd-lgatr-/mlp_kd_deepsets
[2026-05-08 20:56:22] jobid=5490  host=csis.cn1  out=runs/v1_softkl_T2
NVIDIA A100 80GB PCIe, 81920 MiB
NVIDIA A100 80GB PCIe, 81920 MiB
[setup] device=cuda | torch=2.11.0+cu128 | seed=42
[setup] gpu=NVIDIA A100 80GB PCIe | vram=85.1GB
[setup] cfg_data={'tagging_features': 'all', 'boost_jet': False, 'beam_reference': 'lightlike', 'two_beams': True, 'add_time_reference': True, 'mass_reg': 0.005, 'spurion_scale': 1, 'max_particles': None}
[setup] cache_dir=/nfs_home/users/dhruvk/khare27/kd-lgatr-/mlp_kd_deepsets | cache_complete=True | hint_mode=False | inv_cache_complete=True
[data:val] kin=(403000, 200, 4) lbl=(403000,) top_frac=0.500
[teacher] cache present — skipping teacher load + smoke test
[data:train] kin=(1211000, 200, 4) lbl=(1211000,) top_frac=0.500
[teacher] full val AUC (from cache) = 0.9865
[student] ParT-style | in_dim=11 | d_model=64 num_heads=4 num_blocks=4 ffn=256 pair_hidden=32 | params=205,349

--- Training: 50 epochs, BS 256, alpha=0.7, T=2.0, kd_loss=softmax_kl, use_pairwise=True ---

epoch   1/50 | loss=0.1731 (soft=0.1582 hard=0.2080) | val AUC=0.9809 rej@0.3=790 rej@0.5=215 | lr=3.00e-04 | 263.5s
  -> new best val AUC, saved to runs/v1_softkl_T2/part_student_best.pt
epoch   2/50 | loss=0.1012 (soft=0.0719 hard=0.1698) | val AUC=0.9819 rej@0.3=1055 rej@0.5=258 | lr=2.99e-04 | 262.0s
  -> new best val AUC, saved to runs/v1_softkl_T2/part_student_best.pt
epoch   3/50 | loss=0.0910 (soft=0.0597 hard=0.1638) | val AUC=0.9827 rej@0.3=1061 rej@0.5=264 | lr=2.97e-04 | 261.7s
  -> new best val AUC, saved to runs/v1_softkl_T2/part_student_best.pt
epoch   4/50 | loss=0.0842 (soft=0.0516 hard=0.1603) | val AUC=0.9839 rej@0.3=1267 rej@0.5=299 | lr=2.95e-04 | 262.8s
  -> new best val AUC, saved to runs/v1_softkl_T2/part_student_best.pt
epoch   5/50 | loss=0.0794 (soft=0.0458 hard=0.1577) | val AUC=0.9843 rej@0.3=1450 rej@0.5=332 | lr=2.93e-04 | 262.4s
  -> new best val AUC, saved to runs/v1_softkl_T2/part_student_best.pt
epoch   6/50 | loss=0.0756 (soft=0.0412 hard=0.1558) | val AUC=0.9847 rej@0.3=1538 rej@0.5=331 | lr=2.89e-04 | 261.6s
  -> new best val AUC, saved to runs/v1_softkl_T2/part_student_best.pt
epoch   7/50 | loss=0.0726 (soft=0.0376 hard=0.1541) | val AUC=0.9847 rej@0.3=1439 rej@0.5=333 | lr=2.86e-04 | 261.4s
epoch   8/50 | loss=0.0701 (soft=0.0346 hard=0.1527) | val AUC=0.9850 rej@0.3=1752 rej@0.5=370 | lr=2.81e-04 | 261.2s
  -> new best val AUC, saved to runs/v1_softkl_T2/part_student_best.pt
epoch   9/50 | loss=0.0680 (soft=0.0323 hard=0.1514) | val AUC=0.9853 rej@0.3=1722 rej@0.5=395 | lr=2.77e-04 | 262.2s
  -> new best val AUC, saved to runs/v1_softkl_T2/part_student_best.pt
epoch  10/50 | loss=0.0664 (soft=0.0303 hard=0.1505) | val AUC=0.9854 rej@0.3=1708 rej@0.5=391 | lr=2.71e-04 | 262.1s
  -> new best val AUC, saved to runs/v1_softkl_T2/part_student_best.pt
epoch  11/50 | loss=0.0650 (soft=0.0287 hard=0.1496) | val AUC=0.9853 rej@0.3=1708 rej@0.5=370 | lr=2.66e-04 | 261.5s
epoch  12/50 | loss=0.0636 (soft=0.0271 hard=0.1488) | val AUC=0.9857 rej@0.3=1752 rej@0.5=410 | lr=2.59e-04 | 261.6s
  -> new best val AUC, saved to runs/v1_softkl_T2/part_student_best.pt
epoch  13/50 | loss=0.0626 (soft=0.0259 hard=0.1483) | val AUC=0.9858 rej@0.3=1832 rej@0.5=424 | lr=2.53e-04 | 261.4s
  -> new best val AUC, saved to runs/v1_softkl_T2/part_student_best.pt
epoch  14/50 | loss=0.0616 (soft=0.0248 hard=0.1477) | val AUC=0.9858 rej@0.3=1866 rej@0.5=424 | lr=2.46e-04 | 261.7s
  -> new best val AUC, saved to runs/v1_softkl_T2/part_student_best.pt
epoch  15/50 | loss=0.0608 (soft=0.0239 hard=0.1471) | val AUC=0.9859 rej@0.3=1938 rej@0.5=427 | lr=2.38e-04 | 261.5s
  -> new best val AUC, saved to runs/v1_softkl_T2/part_student_best.pt
epoch  16/50 | loss=0.0601 (soft=0.0231 hard=0.1466) | val AUC=0.9860 rej@0.3=2056 rej@0.5=433 | lr=2.30e-04 | 261.4s
  -> new best val AUC, saved to runs/v1_softkl_T2/part_student_best.pt
epoch  17/50 | loss=0.0595 (soft=0.0224 hard=0.1462) | val AUC=0.9860 rej@0.3=2035 rej@0.5=451 | lr=2.22e-04 | 262.2s
  -> new best val AUC, saved to runs/v1_softkl_T2/part_student_best.pt
epoch  18/50 | loss=0.0590 (soft=0.0218 hard=0.1460) | val AUC=0.9858 rej@0.3=2121 rej@0.5=429 | lr=2.14e-04 | 261.6s
epoch  19/50 | loss=0.0584 (soft=0.0211 hard=0.1454) | val AUC=0.9860 rej@0.3=2015 rej@0.5=423 | lr=2.05e-04 | 261.4s
epoch  20/50 | loss=0.0580 (soft=0.0206 hard=0.1453) | val AUC=0.9861 rej@0.3=2167 rej@0.5=428 | lr=1.96e-04 | 262.0s
  -> new best val AUC, saved to runs/v1_softkl_T2/part_student_best.pt
epoch  21/50 | loss=0.0576 (soft=0.0202 hard=0.1447) | val AUC=0.9862 rej@0.3=2035 rej@0.5=451 | lr=1.87e-04 | 261.8s
  -> new best val AUC, saved to runs/v1_softkl_T2/part_student_best.pt
epoch  22/50 | loss=0.0571 (soft=0.0197 hard=0.1446) | val AUC=0.9861 rej@0.3=1995 rej@0.5=439 | lr=1.78e-04 | 262.0s
epoch  23/50 | loss=0.0568 (soft=0.0193 hard=0.1443) | val AUC=0.9860 rej@0.3=2121 rej@0.5=438 | lr=1.69e-04 | 260.7s
epoch  24/50 | loss=0.0564 (soft=0.0189 hard=0.1440) | val AUC=0.9863 rej@0.3=2214 rej@0.5=439 | lr=1.59e-04 | 261.6s
  -> new best val AUC, saved to runs/v1_softkl_T2/part_student_best.pt
epoch  25/50 | loss=0.0562 (soft=0.0187 hard=0.1437) | val AUC=0.9862 rej@0.3=2035 rej@0.5=444 | lr=1.50e-04 | 261.5s
epoch  26/50 | loss=0.0559 (soft=0.0183 hard=0.1436) | val AUC=0.9863 rej@0.3=2290 rej@0.5=448 | lr=1.41e-04 | 261.7s
  -> new best val AUC, saved to runs/v1_softkl_T2/part_student_best.pt
epoch  27/50 | loss=0.0555 (soft=0.0179 hard=0.1432) | val AUC=0.9863 rej@0.3=1956 rej@0.5=448 | lr=1.31e-04 | 261.5s
  -> new best val AUC, saved to runs/v1_softkl_T2/part_student_best.pt
epoch  28/50 | loss=0.0553 (soft=0.0177 hard=0.1432) | val AUC=0.9863 rej@0.3=2056 rej@0.5=437 | lr=1.22e-04 | 261.2s
epoch  29/50 | loss=0.0551 (soft=0.0174 hard=0.1431) | val AUC=0.9863 rej@0.3=2239 rej@0.5=455 | lr=1.13e-04 | 261.6s
epoch  30/50 | loss=0.0548 (soft=0.0171 hard=0.1427) | val AUC=0.9863 rej@0.3=2121 rej@0.5=443 | lr=1.04e-04 | 261.9s
epoch  31/50 | loss=0.0547 (soft=0.0169 hard=0.1427) | val AUC=0.9863 rej@0.3=2121 rej@0.5=454 | lr=9.48e-05 | 261.6s
epoch  32/50 | loss=0.0544 (soft=0.0167 hard=0.1425) | val AUC=0.9863 rej@0.3=2264 rej@0.5=455 | lr=8.61e-05 | 260.7s
  -> new best val AUC, saved to runs/v1_softkl_T2/part_student_best.pt
epoch  33/50 | loss=0.0542 (soft=0.0165 hard=0.1423) | val AUC=0.9864 rej@0.3=2035 rej@0.5=460 | lr=7.77e-05 | 261.5s
  -> new best val AUC, saved to runs/v1_softkl_T2/part_student_best.pt
epoch  34/50 | loss=0.0540 (soft=0.0163 hard=0.1420) | val AUC=0.9864 rej@0.3=2099 rej@0.5=458 | lr=6.96e-05 | 261.9s
epoch  35/50 | loss=0.0539 (soft=0.0161 hard=0.1420) | val AUC=0.9864 rej@0.3=2167 rej@0.5=460 | lr=6.18e-05 | 262.1s
  -> new best val AUC, saved to runs/v1_softkl_T2/part_student_best.pt
epoch  36/50 | loss=0.0537 (soft=0.0159 hard=0.1419) | val AUC=0.9864 rej@0.3=2190 rej@0.5=458 | lr=5.44e-05 | 262.1s
epoch  37/50 | loss=0.0536 (soft=0.0158 hard=0.1417) | val AUC=0.9864 rej@0.3=2190 rej@0.5=463 | lr=4.73e-05 | 261.4s
epoch  38/50 | loss=0.0534 (soft=0.0157 hard=0.1415) | val AUC=0.9864 rej@0.3=2167 rej@0.5=459 | lr=4.07e-05 | 261.6s
epoch  39/50 | loss=0.0533 (soft=0.0155 hard=0.1415) | val AUC=0.9864 rej@0.3=2121 rej@0.5=468 | lr=3.44e-05 | 261.4s
  -> new best val AUC, saved to runs/v1_softkl_T2/part_student_best.pt
epoch  40/50 | loss=0.0532 (soft=0.0154 hard=0.1414) | val AUC=0.9864 rej@0.3=2121 rej@0.5=462 | lr=2.86e-05 | 261.9s
epoch  41/50 | loss=0.0531 (soft=0.0153 hard=0.1413) | val AUC=0.9865 rej@0.3=2214 rej@0.5=465 | lr=2.34e-05 | 261.6s
  -> new best val AUC, saved to runs/v1_softkl_T2/part_student_best.pt
epoch  42/50 | loss=0.0530 (soft=0.0152 hard=0.1412) | val AUC=0.9865 rej@0.3=2167 rej@0.5=473 | lr=1.86e-05 | 261.7s
epoch  43/50 | loss=0.0529 (soft=0.0151 hard=0.1411) | val AUC=0.9864 rej@0.3=2077 rej@0.5=457 | lr=1.43e-05 | 261.5s
epoch  44/50 | loss=0.0529 (soft=0.0151 hard=0.1411) | val AUC=0.9864 rej@0.3=2121 rej@0.5=462 | lr=1.05e-05 | 261.2s
epoch  45/50 | loss=0.0528 (soft=0.0150 hard=0.1410) | val AUC=0.9864 rej@0.3=2099 rej@0.5=472 | lr=7.34e-06 | 261.8s
epoch  46/50 | loss=0.0527 (soft=0.0149 hard=0.1409) | val AUC=0.9865 rej@0.3=2144 rej@0.5=463 | lr=4.71e-06 | 260.8s
epoch  47/50 | loss=0.0527 (soft=0.0149 hard=0.1410) | val AUC=0.9865 rej@0.3=2077 rej@0.5=462 | lr=2.66e-06 | 261.3s
epoch  48/50 | loss=0.0527 (soft=0.0149 hard=0.1409) | val AUC=0.9865 rej@0.3=2144 rej@0.5=468 | lr=1.18e-06 | 262.2s
  -> new best val AUC, saved to runs/v1_softkl_T2/part_student_best.pt
epoch  49/50 | loss=0.0527 (soft=0.0149 hard=0.1409) | val AUC=0.9865 rej@0.3=2144 rej@0.5=470 | lr=2.96e-07 | 261.6s
epoch  50/50 | loss=0.0527 (soft=0.0149 hard=0.1409) | val AUC=0.9865 rej@0.3=2144 rej@0.5=471 | lr=0.00e+00 | 260.8s

[final] loading best-val checkpoint (val AUC=0.9865) ...
[data:test] kin=(404000, 200, 4) lbl=(404000,) top_frac=0.500
[final] test AUC=0.9870 | rej@0.3=2082  rej@0.5=559  rej@0.8=67
[2026-05-09 00:35:38] training done. eval ...
[eval] device=cuda
[eval] use_pairwise=True | in_dim=11
[eval] loaded ckpt from epoch 48 (val AUC=0.9864706249007933)
[data:test] kin=(404000, 200, 4) lbl=(404000,) top_frac=0.500

==================================================
 KD ParT-STYLE STUDENT — TEST RESULTS 
==================================================
AUC:                     0.9870
Optimal Threshold:       0.4801
Calibrated Accuracy:     0.9422
--------------------------------------------------
Background Rejection (1 / e_B):
  @ 30% Signal Eff:      2082
  @ 50% Signal Eff:      559
  @ 80% Signal Eff:      67
==================================================
[eval] wrote runs/v1_softkl_T2/roc_curve_part.png
[eval] wrote runs/v1_softkl_T2/prob_dist_part.png
[2026-05-09 00:36:36] part v1_softkl_T2 done.
