[2026-05-08 17:16:07] part run=v1_s43  d_model=64 nheads=4 nblocks=4 ffn=256
[2026-05-08 17:16:07] alpha=0.7  hint_beta=0.0  epochs=50  bs=256  seed=43  cache=/nfs_home/users/dhruvk/khare27/kd-lgatr-/mlp_kd_deepsets
[2026-05-08 17:16:07] jobid=5483  host=csis.cn1  out=runs/v1_s43
NVIDIA A100 80GB PCIe, 81920 MiB
NVIDIA A100 80GB PCIe, 81920 MiB
[setup] device=cuda | torch=2.11.0+cu128 | seed=43
[setup] gpu=NVIDIA A100 80GB PCIe | vram=85.1GB
[setup] cfg_data={'tagging_features': 'all', 'boost_jet': False, 'beam_reference': 'lightlike', 'two_beams': True, 'add_time_reference': True, 'mass_reg': 0.005, 'spurion_scale': 1, 'max_particles': None}
[setup] cache_dir=/nfs_home/users/dhruvk/khare27/kd-lgatr-/mlp_kd_deepsets | cache_complete=True | hint_mode=False | inv_cache_complete=True
[data:val] kin=(403000, 200, 4) lbl=(403000,) top_frac=0.500
[teacher] cache present — skipping teacher load + smoke test
[data:train] kin=(1211000, 200, 4) lbl=(1211000,) top_frac=0.500
[teacher] full val AUC (from cache) = 0.9865
[student] ParT-style | in_dim=11 | d_model=64 num_heads=4 num_blocks=4 ffn=256 pair_hidden=32 | params=205,349

--- Training: 50 epochs, BS 256, alpha=0.7, T=2.0, use_pairwise=True ---

epoch   1/50 | loss=2.1049 (soft=2.9129 hard=0.2198) | val AUC=0.9813 rej@0.3=884 rej@0.5=220 | lr=3.00e-04 | 264.5s
  -> new best val AUC, saved to runs/v1_s43/part_student_best.pt
epoch   2/50 | loss=0.9672 (soft=1.3082 hard=0.1716) | val AUC=0.9818 rej@0.3=969 rej@0.5=225 | lr=2.99e-04 | 262.4s
  -> new best val AUC, saved to runs/v1_s43/part_student_best.pt
epoch   3/50 | loss=0.8060 (soft=1.0807 hard=0.1651) | val AUC=0.9836 rej@0.3=1221 rej@0.5=306 | lr=2.97e-04 | 261.9s
  -> new best val AUC, saved to runs/v1_s43/part_student_best.pt
epoch   4/50 | loss=0.6869 (soft=0.9127 hard=0.1601) | val AUC=0.9838 rej@0.3=1185 rej@0.5=299 | lr=2.95e-04 | 262.5s
  -> new best val AUC, saved to runs/v1_s43/part_student_best.pt
epoch   5/50 | loss=0.6078 (soft=0.8009 hard=0.1573) | val AUC=0.9847 rej@0.3=1493 rej@0.5=352 | lr=2.93e-04 | 262.4s
  -> new best val AUC, saved to runs/v1_s43/part_student_best.pt
epoch   6/50 | loss=0.5444 (soft=0.7114 hard=0.1549) | val AUC=0.9851 rej@0.3=1652 rej@0.5=368 | lr=2.89e-04 | 261.9s
  -> new best val AUC, saved to runs/v1_s43/part_student_best.pt
epoch   7/50 | loss=0.5019 (soft=0.6514 hard=0.1532) | val AUC=0.9852 rej@0.3=1574 rej@0.5=367 | lr=2.86e-04 | 262.6s
  -> new best val AUC, saved to runs/v1_s43/part_student_best.pt
epoch   8/50 | loss=0.4689 (soft=0.6047 hard=0.1520) | val AUC=0.9850 rej@0.3=1538 rej@0.5=375 | lr=2.81e-04 | 262.4s
epoch   9/50 | loss=0.4405 (soft=0.5646 hard=0.1509) | val AUC=0.9856 rej@0.3=1768 rej@0.5=410 | lr=2.77e-04 | 262.0s
  -> new best val AUC, saved to runs/v1_s43/part_student_best.pt
epoch  10/50 | loss=0.4168 (soft=0.5311 hard=0.1501) | val AUC=0.9855 rej@0.3=1849 rej@0.5=421 | lr=2.71e-04 | 262.9s
epoch  11/50 | loss=0.3973 (soft=0.5037 hard=0.1493) | val AUC=0.9857 rej@0.3=1883 rej@0.5=431 | lr=2.66e-04 | 261.6s
  -> new best val AUC, saved to runs/v1_s43/part_student_best.pt
epoch  12/50 | loss=0.3809 (soft=0.4804 hard=0.1486) | val AUC=0.9858 rej@0.3=1883 rej@0.5=426 | lr=2.59e-04 | 262.6s
  -> new best val AUC, saved to runs/v1_s43/part_student_best.pt
epoch  13/50 | loss=0.3655 (soft=0.4587 hard=0.1481) | val AUC=0.9857 rej@0.3=1866 rej@0.5=422 | lr=2.53e-04 | 262.7s
epoch  14/50 | loss=0.3516 (soft=0.4390 hard=0.1476) | val AUC=0.9860 rej@0.3=1995 rej@0.5=437 | lr=2.46e-04 | 262.0s
  -> new best val AUC, saved to runs/v1_s43/part_student_best.pt
epoch  15/50 | loss=0.3407 (soft=0.4236 hard=0.1472) | val AUC=0.9860 rej@0.3=1883 rej@0.5=424 | lr=2.38e-04 | 262.6s
epoch  16/50 | loss=0.3325 (soft=0.4120 hard=0.1470) | val AUC=0.9860 rej@0.3=2056 rej@0.5=446 | lr=2.30e-04 | 261.4s
  -> new best val AUC, saved to runs/v1_s43/part_student_best.pt
epoch  17/50 | loss=0.3222 (soft=0.3975 hard=0.1464) | val AUC=0.9860 rej@0.3=2121 rej@0.5=459 | lr=2.22e-04 | 262.6s
epoch  18/50 | loss=0.3151 (soft=0.3875 hard=0.1462) | val AUC=0.9860 rej@0.3=2167 rej@0.5=453 | lr=2.14e-04 | 261.5s
epoch  19/50 | loss=0.3071 (soft=0.3762 hard=0.1460) | val AUC=0.9862 rej@0.3=2290 rej@0.5=470 | lr=2.05e-04 | 261.8s
  -> new best val AUC, saved to runs/v1_s43/part_student_best.pt
epoch  20/50 | loss=0.3014 (soft=0.3681 hard=0.1457) | val AUC=0.9861 rej@0.3=2214 rej@0.5=439 | lr=1.96e-04 | 261.6s
epoch  21/50 | loss=0.2954 (soft=0.3596 hard=0.1455) | val AUC=0.9863 rej@0.3=2121 rej@0.5=464 | lr=1.87e-04 | 261.7s
  -> new best val AUC, saved to runs/v1_s43/part_student_best.pt
epoch  22/50 | loss=0.2899 (soft=0.3519 hard=0.1452) | val AUC=0.9861 rej@0.3=2144 rej@0.5=453 | lr=1.78e-04 | 261.5s
epoch  23/50 | loss=0.2849 (soft=0.3449 hard=0.1451) | val AUC=0.9862 rej@0.3=2264 rej@0.5=470 | lr=1.69e-04 | 261.3s
epoch  24/50 | loss=0.2804 (soft=0.3384 hard=0.1450) | val AUC=0.9862 rej@0.3=2239 rej@0.5=453 | lr=1.59e-04 | 261.7s
epoch  25/50 | loss=0.2760 (soft=0.3323 hard=0.1447) | val AUC=0.9863 rej@0.3=2343 rej@0.5=477 | lr=1.50e-04 | 262.4s
  -> new best val AUC, saved to runs/v1_s43/part_student_best.pt
epoch  26/50 | loss=0.2736 (soft=0.3288 hard=0.1447) | val AUC=0.9863 rej@0.3=2316 rej@0.5=484 | lr=1.41e-04 | 262.0s
  -> new best val AUC, saved to runs/v1_s43/part_student_best.pt
epoch  27/50 | loss=0.2697 (soft=0.3233 hard=0.1445) | val AUC=0.9863 rej@0.3=2214 rej@0.5=472 | lr=1.31e-04 | 262.9s
epoch  28/50 | loss=0.2660 (soft=0.3182 hard=0.1443) | val AUC=0.9862 rej@0.3=2077 rej@0.5=450 | lr=1.22e-04 | 262.3s
epoch  29/50 | loss=0.2631 (soft=0.3140 hard=0.1442) | val AUC=0.9864 rej@0.3=2457 rej@0.5=486 | lr=1.13e-04 | 261.9s
  -> new best val AUC, saved to runs/v1_s43/part_student_best.pt
epoch  30/50 | loss=0.2600 (soft=0.3097 hard=0.1441) | val AUC=0.9863 rej@0.3=2316 rej@0.5=474 | lr=1.04e-04 | 261.7s
epoch  31/50 | loss=0.2574 (soft=0.3060 hard=0.1439) | val AUC=0.9863 rej@0.3=2167 rej@0.5=462 | lr=9.48e-05 | 260.5s
epoch  32/50 | loss=0.2550 (soft=0.3026 hard=0.1440) | val AUC=0.9864 rej@0.3=2371 rej@0.5=480 | lr=8.61e-05 | 260.8s
epoch  33/50 | loss=0.2531 (soft=0.2999 hard=0.1439) | val AUC=0.9864 rej@0.3=2428 rej@0.5=504 | lr=7.77e-05 | 260.4s
epoch  34/50 | loss=0.2502 (soft=0.2958 hard=0.1437) | val AUC=0.9864 rej@0.3=2428 rej@0.5=480 | lr=6.96e-05 | 260.7s
  -> new best val AUC, saved to runs/v1_s43/part_student_best.pt
epoch  35/50 | loss=0.2481 (soft=0.2929 hard=0.1437) | val AUC=0.9864 rej@0.3=2428 rej@0.5=487 | lr=6.18e-05 | 260.8s
epoch  36/50 | loss=0.2469 (soft=0.2912 hard=0.1435) | val AUC=0.9864 rej@0.3=2457 rej@0.5=483 | lr=5.44e-05 | 260.9s
epoch  37/50 | loss=0.2451 (soft=0.2887 hard=0.1435) | val AUC=0.9864 rej@0.3=2239 rej@0.5=489 | lr=4.73e-05 | 260.4s
  -> new best val AUC, saved to runs/v1_s43/part_student_best.pt
epoch  38/50 | loss=0.2441 (soft=0.2872 hard=0.1435) | val AUC=0.9864 rej@0.3=2371 rej@0.5=488 | lr=4.07e-05 | 260.8s
epoch  39/50 | loss=0.2423 (soft=0.2847 hard=0.1434) | val AUC=0.9864 rej@0.3=2371 rej@0.5=481 | lr=3.44e-05 | 260.7s
epoch  40/50 | loss=0.2408 (soft=0.2826 hard=0.1434) | val AUC=0.9864 rej@0.3=2264 rej@0.5=498 | lr=2.86e-05 | 260.7s
epoch  41/50 | loss=0.2403 (soft=0.2819 hard=0.1432) | val AUC=0.9864 rej@0.3=2457 rej@0.5=473 | lr=2.34e-05 | 260.6s
epoch  42/50 | loss=0.2389 (soft=0.2799 hard=0.1432) | val AUC=0.9864 rej@0.3=2343 rej@0.5=481 | lr=1.86e-05 | 261.0s
epoch  43/50 | loss=0.2378 (soft=0.2783 hard=0.1432) | val AUC=0.9864 rej@0.3=2428 rej@0.5=490 | lr=1.43e-05 | 261.1s
epoch  44/50 | loss=0.2374 (soft=0.2777 hard=0.1433) | val AUC=0.9864 rej@0.3=2399 rej@0.5=486 | lr=1.05e-05 | 261.6s
epoch  45/50 | loss=0.2368 (soft=0.2770 hard=0.1431) | val AUC=0.9864 rej@0.3=2343 rej@0.5=486 | lr=7.34e-06 | 260.9s
epoch  46/50 | loss=0.2362 (soft=0.2761 hard=0.1431) | val AUC=0.9864 rej@0.3=2371 rej@0.5=482 | lr=4.71e-06 | 260.6s
epoch  47/50 | loss=0.2358 (soft=0.2755 hard=0.1432) | val AUC=0.9864 rej@0.3=2316 rej@0.5=487 | lr=2.66e-06 | 261.3s
  -> new best val AUC, saved to runs/v1_s43/part_student_best.pt
epoch  48/50 | loss=0.2354 (soft=0.2749 hard=0.1431) | val AUC=0.9864 rej@0.3=2371 rej@0.5=488 | lr=1.18e-06 | 260.7s
epoch  49/50 | loss=0.2353 (soft=0.2748 hard=0.1431) | val AUC=0.9864 rej@0.3=2428 rej@0.5=488 | lr=2.96e-07 | 261.0s
epoch  50/50 | loss=0.2357 (soft=0.2753 hard=0.1432) | val AUC=0.9864 rej@0.3=2428 rej@0.5=487 | lr=0.00e+00 | 260.6s

[final] loading best-val checkpoint (val AUC=0.9864) ...
[data:test] kin=(404000, 200, 4) lbl=(404000,) top_frac=0.500
[final] test AUC=0.9870 | rej@0.3=2462  rej@0.5=566  rej@0.8=67
[2026-05-08 20:55:23] training done. eval ...
[eval] device=cuda
[eval] use_pairwise=True | in_dim=11
[eval] loaded ckpt from epoch 47 (val AUC=0.9864331690947644)
[data:test] kin=(404000, 200, 4) lbl=(404000,) top_frac=0.500

==================================================
 KD ParT-STYLE STUDENT — TEST RESULTS 
==================================================
AUC:                     0.9870
Optimal Threshold:       0.5088
Calibrated Accuracy:     0.9424
--------------------------------------------------
Background Rejection (1 / e_B):
  @ 30% Signal Eff:      2462
  @ 50% Signal Eff:      566
  @ 80% Signal Eff:      67
==================================================
[eval] wrote runs/v1_s43/roc_curve_part.png
[eval] wrote runs/v1_s43/prob_dist_part.png
[2026-05-08 20:56:21] part v1_s43 done.
