[2026-05-07 16:50:29] boost-eval  teacher=0  ckpt=runs/v1_scratch/part_student_best.pt  out=runs/v1_scratch  bs=256
[2026-05-07 16:50:29] jobid=5452  host=csis.cn1
NVIDIA A100 80GB PCIe, 81920 MiB
NVIDIA A100 80GB PCIe, 81920 MiB
[boost-eval] device=cuda
[boost-eval] betas: ['0.0000', '0.0500', '0.1000', '0.1500', '0.2000', '0.2500', '0.3000', '0.3500', '0.4000', '0.4500', '0.5000', '0.5500', '0.6000', '0.6500', '0.7000', '0.7500', '0.8000', '0.8500', '0.9000', '0.9500']
[data:test] kin=(404000, 200, 4) lbl=(404000,) top_frac=0.500
[boost-eval] mode=student, checkpoint=runs/v1_scratch/part_student_best.pt
[boost-eval] loaded ckpt epoch=35 val_auc=0.9850783719834665
  beta=0.0000  auc=0.9857  rej@0.3=1453  rej@0.5=388  rej@0.8=58
  beta=0.0500  auc=0.9856  rej@0.3=1453  rej@0.5=380  rej@0.8=56
  beta=0.1000  auc=0.9851  rej@0.3=1383  rej@0.5=356  rej@0.8=53
  beta=0.1500  auc=0.9841  rej@0.3=1337  rej@0.5=322  rej@0.8=49
  beta=0.2000  auc=0.9822  rej@0.3=1216  rej@0.5=293  rej@0.8=43
  beta=0.2500  auc=0.9796  rej@0.3=1103  rej@0.5=249  rej@0.8=37
  beta=0.3000  auc=0.9764  rej@0.3=930  rej@0.5=202  rej@0.8=32
  beta=0.3500  auc=0.9728  rej@0.3=708  rej@0.5=161  rej@0.8=27
  beta=0.4000  auc=0.9689  rej@0.3=575  rej@0.5=127  rej@0.8=22
  beta=0.4500  auc=0.9644  rej@0.3=457  rej@0.5=100  rej@0.8=19
  beta=0.5000  auc=0.9593  rej@0.3=328  rej@0.5=78  rej@0.8=16
  beta=0.5500  auc=0.9532  rej@0.3=251  rej@0.5=62  rej@0.8=13
  beta=0.6000  auc=0.9457  rej@0.3=199  rej@0.5=49  rej@0.8=11
  beta=0.6500  auc=0.9363  rej@0.3=143  rej@0.5=38  rej@0.8=9
  beta=0.7000  auc=0.9241  rej@0.3=111  rej@0.5=29  rej@0.8=7
  beta=0.7500  auc=0.9086  rej@0.3=88  rej@0.5=22  rej@0.8=6
  beta=0.8000  auc=0.8886  rej@0.3=66  rej@0.5=16  rej@0.8=5
  beta=0.8500  auc=0.8650  rej@0.3=48  rej@0.5=11  rej@0.8=4
  beta=0.9000  auc=0.8429  rej@0.3=32  rej@0.5=8  rej@0.8=3
  beta=0.9500  auc=0.8283  rej@0.3=17  rej@0.5=6  rej@0.8=3
[boost-eval] wrote runs/v1_scratch/boost_results.json
[2026-05-07 17:06:40] boost-eval done.
